[weblayout.mnsithub.com/html/fixpro/main-html/index.html]
[backblue.gif]
[fade.gif]
[index.html]
[weblayout.mnsithub.com/html/fixpro/main-html/assets/images/favicons/apple-touch-icon.png]
[weblayout.mnsithub.com/html/fixpro/main-html/assets/images/favicons/favicon-32x32.png]
[weblayout.mnsithub.com/html/fixpro/main-html/assets/images/favicons/favicon-16x16.png]
[weblayout.mnsithub.com/html/fixpro/main-html/assets/images/favicons/site.webmanifest]
[weblayout.mnsithub.com/html/fixpro/main-html/assets/css/bootstrap.min.css]
[weblayout.mnsithub.com/html/fixpro/main-html/assets/css/animate.min.css]
[weblayout.mnsithub.com/html/fixpro/main-html/assets/css/custom-animate.css]
[weblayout.mnsithub.com/html/fixpro/main-html/assets/css/swiper.min.css]
[weblayout.mnsithub.com/html/fixpro/main-html/assets/css/font-awesome-all.css]
[weblayout.mnsithub.com/html/fixpro/main-html/assets/css/jarallax.css]
[weblayout.mnsithub.com/html/fixpro/main-html/assets/css/jquery.magnific-popup.css]
[weblayout.mnsithub.com/html/fixpro/main-html/assets/css/flaticon.css]
[weblayout.mnsithub.com/html/fixpro/main-html/assets/css/owl.carousel.min.css]
[weblayout.mnsithub.com/html/fixpro/main-html/assets/css/owl.theme.default.min.css]
[weblayout.mnsithub.com/html/fixpro/main-html/assets/css/nice-select.css]
[weblayout.mnsithub.com/html/fixpro/main-html/assets/css/jquery-ui.css]
[weblayout.mnsithub.com/html/fixpro/main-html/assets/css/aos.css]
[weblayout.mnsithub.com/html/fixpro/main-html/assets/css/odometer.min.css]
[weblayout.mnsithub.com/html/fixpro/main-html/assets/css/module-css/footer.css]
[weblayout.mnsithub.com/html/fixpro/main-html/assets/css/module-css/slider.css]
[weblayout.mnsithub.com/html/fixpro/main-html/assets/css/module-css/feature.css]
[weblayout.mnsithub.com/html/fixpro/main-html/assets/css/module-css/about.css]
[weblayout.mnsithub.com/html/fixpro/main-html/assets/css/module-css/service.css]
[weblayout.mnsithub.com/html/fixpro/main-html/assets/css/module-css/counter.css]
[weblayout.mnsithub.com/html/fixpro/main-html/assets/css/module-css/why-choose.css]
[weblayout.mnsithub.com/html/fixpro/main-html/assets/css/module-css/project.css]
[weblayout.mnsithub.com/html/fixpro/main-html/assets/css/module-css/video.css]
[weblayout.mnsithub.com/html/fixpro/main-html/assets/css/module-css/team.css]
[weblayout.mnsithub.com/html/fixpro/main-html/assets/css/module-css/brand.css]
[weblayout.mnsithub.com/html/fixpro/main-html/assets/css/module-css/pricing.css]
[weblayout.mnsithub.com/html/fixpro/main-html/assets/css/module-css/testimonial.css]
[weblayout.mnsithub.com/html/fixpro/main-html/assets/css/module-css/blog.css]
[weblayout.mnsithub.com/html/fixpro/main-html/assets/css/style.css]
[weblayout.mnsithub.com/html/fixpro/main-html/assets/css/responsive.css]
[weblayout.mnsithub.com/html/fixpro/main-html/assets/images/resources/logo-2.png]
[weblayout.mnsithub.com/html/fixpro/main-html/assets/images/resources/logo-1.png]
[weblayout.mnsithub.com/html/fixpro/main-html/assets/images/home-showcase/home-showcase-1-1.jpg]
[weblayout.mnsithub.com/html/fixpro/main-html/index-one-page.html]
[weblayout.mnsithub.com/html/fixpro/main-html/assets/images/home-showcase/home-showcase-1-2.jpg]
[weblayout.mnsithub.com/html/fixpro/main-html/index2.html]
[weblayout.mnsithub.com/html/fixpro/main-html/index2-one-page.html]
[weblayout.mnsithub.com/html/fixpro/main-html/assets/images/home-showcase/home-showcase-1-3.jpg]
[weblayout.mnsithub.com/html/fixpro/main-html/index3.html]
[weblayout.mnsithub.com/html/fixpro/main-html/index3-one-page.html]
[weblayout.mnsithub.com/html/fixpro/main-html/assets/images/home-showcase/home-showcase-1-4.jpg]
[weblayout.mnsithub.com/html/fixpro/main-html/index-dark.html]
[weblayout.mnsithub.com/html/fixpro/main-html/about.html]
[weblayout.mnsithub.com/html/fixpro/main-html/team.html]
[weblayout.mnsithub.com/html/fixpro/main-html/team-details.html]
[weblayout.mnsithub.com/html/fixpro/main-html/projects.html]
[weblayout.mnsithub.com/html/fixpro/main-html/project-details.html]
[weblayout.mnsithub.com/html/fixpro/main-html/testimonials.html]
[weblayout.mnsithub.com/html/fixpro/main-html/pricing.html]
[weblayout.mnsithub.com/html/fixpro/main-html/faq.html]
[weblayout.mnsithub.com/html/fixpro/main-html/404.html]
[weblayout.mnsithub.com/html/fixpro/main-html/services.html]
[weblayout.mnsithub.com/html/fixpro/main-html/maintenance-service.html]
[weblayout.mnsithub.com/html/fixpro/main-html/lighting-fixtures.html]
[weblayout.mnsithub.com/html/fixpro/main-html/installing-ceiling-fan.html]
[weblayout.mnsithub.com/html/fixpro/main-html/commercial-services.html]
[weblayout.mnsithub.com/html/fixpro/main-html/short-circuit-repair.html]
[weblayout.mnsithub.com/html/fixpro/main-html/electric-panel-repair.html]
[weblayout.mnsithub.com/html/fixpro/main-html/products.html]
[weblayout.mnsithub.com/html/fixpro/main-html/product-details.html]
[weblayout.mnsithub.com/html/fixpro/main-html/cart.html]
[weblayout.mnsithub.com/html/fixpro/main-html/checkout.html]
[weblayout.mnsithub.com/html/fixpro/main-html/wishlist.html]
[weblayout.mnsithub.com/html/fixpro/main-html/sign-up.html]
[weblayout.mnsithub.com/html/fixpro/main-html/login.html]
[weblayout.mnsithub.com/html/fixpro/main-html/blog.html]
[weblayout.mnsithub.com/html/fixpro/main-html/blog-standard.html]
[weblayout.mnsithub.com/html/fixpro/main-html/blog-left-sidebar.html]
[weblayout.mnsithub.com/html/fixpro/main-html/blog-right-sidebar.html]
[weblayout.mnsithub.com/html/fixpro/main-html/blog-details.html]
[weblayout.mnsithub.com/html/fixpro/main-html/contact.html]
[weblayout.mnsithub.com/html/fixpro/main-html/assets/images/shapes/main-slider-shape-bg.png]
[weblayout.mnsithub.com/html/fixpro/main-html/assets/images/shapes/main-slider-shape-1.png]
[weblayout.mnsithub.com/html/fixpro/main-html/assets/images/shapes/main-slider-shape-2.png]
[weblayout.mnsithub.com/html/fixpro/main-html/assets/images/backgrounds/slider-1-1.jpg]
[weblayout.mnsithub.com/html/fixpro/main-html/assets/images/backgrounds/slider-1-2.jpg]
[weblayout.mnsithub.com/html/fixpro/main-html/assets/images/backgrounds/slider-1-3.jpg]
[weblayout.mnsithub.com/html/fixpro/main-html/assets/images/shapes/feature-one-shape-1.png]
[weblayout.mnsithub.com/html/fixpro/main-html/assets/images/resources/about-one-img-1.jpg]
[weblayout.mnsithub.com/html/fixpro/main-html/assets/images/resources/about-one-img-2.jpg]
[weblayout.mnsithub.com/html/fixpro/main-html/assets/images/shapes/about-one-shape-2.png]
[weblayout.mnsithub.com/html/fixpro/main-html/assets/images/backgrounds/services-one-bg.jpg]
[weblayout.mnsithub.com/html/fixpro/main-html/assets/images/shapes/services-one-shape-1.png]
[weblayout.mnsithub.com/html/fixpro/main-html/assets/images/shapes/services-one-shape-2.png]
[weblayout.mnsithub.com/html/fixpro/main-html/assets/images/resources/why-choose-one-img-1.jpg]
[weblayout.mnsithub.com/html/fixpro/main-html/assets/images/resources/why-choose-one-img-2.jpg]
[weblayout.mnsithub.com/html/fixpro/main-html/assets/images/backgrounds/counter-one-bg.jpg]
[weblayout.mnsithub.com/html/fixpro/main-html/assets/images/shapes/project-one-shape-1.png]
[weblayout.mnsithub.com/html/fixpro/main-html/assets/images/project/project-1-1.jpg]
[weblayout.mnsithub.com/html/fixpro/main-html/assets/images/project/project-1-2.jpg]
[weblayout.mnsithub.com/html/fixpro/main-html/assets/images/project/project-1-3.jpg]
[weblayout.mnsithub.com/html/fixpro/main-html/assets/images/project/project-1-4.jpg]
[weblayout.mnsithub.com/html/fixpro/main-html/assets/images/project/project-1-5.jpg]
[weblayout.mnsithub.com/html/fixpro/main-html/assets/images/project/project-1-6.jpg]
[weblayout.mnsithub.com/html/fixpro/main-html/assets/images/project/project-1-7.jpg]
[weblayout.mnsithub.com/html/fixpro/main-html/assets/images/backgrounds/video-one-bg.jpg]
[weblayout.mnsithub.com/html/fixpro/main-html/assets/images/resources/video-one-contact-img-1.png]
[weblayout.mnsithub.com/html/fixpro/main-html/assets/images/team/team-1-1.jpg]
[weblayout.mnsithub.com/html/fixpro/main-html/assets/images/team/team-1-2.jpg]
[weblayout.mnsithub.com/html/fixpro/main-html/assets/images/team/team-1-3.jpg]
[weblayout.mnsithub.com/html/fixpro/main-html/assets/images/team/team-1-4.jpg]
[weblayout.mnsithub.com/html/fixpro/main-html/assets/images/brand/brand-1-1.png]
[weblayout.mnsithub.com/html/fixpro/main-html/assets/images/backgrounds/testimonial-one-bg.jpg]
[weblayout.mnsithub.com/html/fixpro/main-html/assets/images/shapes/testimonial-one-shape-1.png]
[weblayout.mnsithub.com/html/fixpro/main-html/assets/images/shapes/testimonial-one-shape-2.png]
[weblayout.mnsithub.com/html/fixpro/main-html/assets/images/testimonial/testimonial-1-1.jpg]
[weblayout.mnsithub.com/html/fixpro/main-html/assets/images/testimonial/testimonial-1-2.jpg]
[weblayout.mnsithub.com/html/fixpro/main-html/assets/images/testimonial/testimonial-1-3.jpg]
[weblayout.mnsithub.com/html/fixpro/main-html/assets/images/shapes/blog-one-shape-1.png]
[weblayout.mnsithub.com/html/fixpro/main-html/assets/images/shapes/blog-one-shape-2.png]
[weblayout.mnsithub.com/html/fixpro/main-html/assets/images/blog/blog-1-1.jpg]
[weblayout.mnsithub.com/html/fixpro/main-html/assets/images/blog/blog-1-2.jpg]
[weblayout.mnsithub.com/html/fixpro/main-html/assets/images/blog/blog-1-3.jpg]
[weblayout.mnsithub.com/html/fixpro/main-html/assets/images/shapes/footer-widget-shape-1.png]
[weblayout.mnsithub.com/html/fixpro/main-html/assets/images/resources/footer-logo.png]
[weblayout.mnsithub.com/html/fixpro/main-html/assets/images/backgrounds/footer-widget-newsletter-bg.jpg]
[weblayout.mnsithub.com/html/fixpro/main-html/assets/js/jquery-latest.js]
[weblayout.mnsithub.com/html/fixpro/main-html/assets/js/bootstrap.bundle.min.js]
[weblayout.mnsithub.com/html/fixpro/main-html/assets/js/jarallax.min.js]
[weblayout.mnsithub.com/html/fixpro/main-html/assets/js/jquery.ajaxchimp.min.js]
[weblayout.mnsithub.com/html/fixpro/main-html/assets/js/jquery.appear.min.js]
[weblayout.mnsithub.com/html/fixpro/main-html/assets/js/swiper.min.js]
[weblayout.mnsithub.com/html/fixpro/main-html/assets/js/jquery.magnific-popup.min.js]
[weblayout.mnsithub.com/html/fixpro/main-html/assets/js/jquery.validate.min.js]
[weblayout.mnsithub.com/html/fixpro/main-html/assets/js/wNumb.min.js]
[weblayout.mnsithub.com/html/fixpro/main-html/assets/js/wow.js]
[weblayout.mnsithub.com/html/fixpro/main-html/assets/js/isotope.js]
[weblayout.mnsithub.com/html/fixpro/main-html/assets/js/owl.carousel.min.js]
[weblayout.mnsithub.com/html/fixpro/main-html/assets/js/jquery-ui.js]
[weblayout.mnsithub.com/html/fixpro/main-html/assets/js/jquery.nice-select.min.js]
[weblayout.mnsithub.com/html/fixpro/main-html/assets/js/marquee.min.js]
[weblayout.mnsithub.com/html/fixpro/main-html/assets/js/countdown.min.js]
[weblayout.mnsithub.com/html/fixpro/main-html/assets/js/jquery.circleType.js]
[weblayout.mnsithub.com/html/fixpro/main-html/assets/js/jquery.fittext.js]
[weblayout.mnsithub.com/html/fixpro/main-html/assets/js/jquery.lettering.min.js]
[weblayout.mnsithub.com/html/fixpro/main-html/assets/js/jquery-sidebar-content.js]
[weblayout.mnsithub.com/html/fixpro/main-html/assets/js/aos.js]
[weblayout.mnsithub.com/html/fixpro/main-html/assets/js/odometer.min.js]
[weblayout.mnsithub.com/html/fixpro/main-html/assets/js/gsap/gsap.js]
[weblayout.mnsithub.com/html/fixpro/main-html/assets/js/gsap/ScrollTrigger.js]
[weblayout.mnsithub.com/html/fixpro/main-html/assets/js/gsap/SplitText.js]
[weblayout.mnsithub.com/html/fixpro/main-html/assets/js/script.js]
[weblayout.mnsithub.com/html/fixpro/main-html/index.html]
[weblayout.mnsithub.com/html/fixpro/main-html/assets/css/bootstrap.min.css]
[weblayout.mnsithub.com/html/fixpro/main-html/assets/css/animate.min.css]
[weblayout.mnsithub.com/html/fixpro/main-html/assets/css/custom-animate.css]
[weblayout.mnsithub.com/html/fixpro/main-html/assets/css/swiper.min.css]
[weblayout.mnsithub.com/html/fixpro/main-html/assets/fonts/fa-brands-400.eot]
[weblayout.mnsithub.com/html/fixpro/main-html/assets/fonts/fa-brands-400.woff2]
[weblayout.mnsithub.com/html/fixpro/main-html/assets/fonts/fa-brands-400d41d.eot]
[weblayout.mnsithub.com/html/fixpro/main-html/assets/fonts/fa-brands-400.woff]
[weblayout.mnsithub.com/html/fixpro/main-html/assets/fonts/fa-brands-400.ttf]
[weblayout.mnsithub.com/html/fixpro/main-html/assets/fonts/fa-light-300.woff2]
[weblayout.mnsithub.com/html/fixpro/main-html/assets/fonts/fa-light-300.woff]
[weblayout.mnsithub.com/html/fixpro/main-html/assets/fonts/fa-regular-400.eot]
[weblayout.mnsithub.com/html/fixpro/main-html/assets/fonts/fa-regular-400d41d.eot]
[weblayout.mnsithub.com/html/fixpro/main-html/assets/fonts/fa-regular-400.woff2]
[weblayout.mnsithub.com/html/fixpro/main-html/assets/fonts/fa-regular-400.woff]
[weblayout.mnsithub.com/html/fixpro/main-html/assets/fonts/fa-solid-900.woff2]
[weblayout.mnsithub.com/html/fixpro/main-html/assets/fonts/fa-solid-900.woff]
[weblayout.mnsithub.com/html/fixpro/main-html/assets/css/font-awesome-all.css]
[weblayout.mnsithub.com/html/fixpro/main-html/assets/css/jarallax.css]
[weblayout.mnsithub.com/html/fixpro/main-html/assets/css/jquery.magnific-popup.css]
[weblayout.mnsithub.com/html/fixpro/main-html/assets/fonts/icomoon78ed.eot]
[weblayout.mnsithub.com/html/fixpro/main-html/assets/fonts/icomoon78ed.ttf]
[weblayout.mnsithub.com/html/fixpro/main-html/assets/fonts/icomoon78ed.woff]
[weblayout.mnsithub.com/html/fixpro/main-html/assets/css/flaticon.css]
[weblayout.mnsithub.com/html/fixpro/main-html/assets/fonts/icomoon78ed.svg]
[weblayout.mnsithub.com/html/fixpro/main-html/assets/css/owl.carousel.min.css]
[weblayout.mnsithub.com/html/fixpro/main-html/assets/css/owl.theme.default.min.css]
[weblayout.mnsithub.com/html/fixpro/main-html/assets/css/nice-select.css]
[weblayout.mnsithub.com/html/fixpro/main-html/assets/css/jquery-ui.css]
[weblayout.mnsithub.com/html/fixpro/main-html/assets/css/aos.css]
[weblayout.mnsithub.com/html/fixpro/main-html/assets/css/odometer.min.css]
[weblayout.mnsithub.com/html/fixpro/main-html/assets/css/module-css/slider.css]
[weblayout.mnsithub.com/html/fixpro/main-html/assets/css/module-css/footer.css]
[weblayout.mnsithub.com/html/fixpro/main-html/assets/css/module-css/feature.css]
[weblayout.mnsithub.com/html/fixpro/main-html/assets/css/module-css/about.css]
[weblayout.mnsithub.com/html/fixpro/main-html/assets/css/module-css/service.css]
[weblayout.mnsithub.com/html/fixpro/main-html/assets/css/module-css/counter.css]
[weblayout.mnsithub.com/html/fixpro/main-html/assets/css/module-css/why-choose.css]
[weblayout.mnsithub.com/html/fixpro/main-html/assets/css/module-css/project.css]
[weblayout.mnsithub.com/html/fixpro/main-html/assets/css/module-css/video.css]
[weblayout.mnsithub.com/html/fixpro/main-html/assets/css/module-css/team.css]
[weblayout.mnsithub.com/html/fixpro/main-html/assets/css/module-css/brand.css]
[weblayout.mnsithub.com/html/fixpro/main-html/assets/css/module-css/pricing.css]
[weblayout.mnsithub.com/html/fixpro/main-html/assets/css/module-css/testimonial.css]
[weblayout.mnsithub.com/html/fixpro/main-html/assets/css/module-css/blog.css]
[weblayout.mnsithub.com/html/fixpro/main-html/assets/images/icon/cross-out.png]
[weblayout.mnsithub.com/html/fixpro/main-html/assets/css/style.css]
[weblayout.mnsithub.com/html/fixpro/main-html/assets/css/responsive.css]
[weblayout.mnsithub.com/html/fixpro/main-html/index-one-page.html]
[weblayout.mnsithub.com/html/fixpro/main-html/assets/css/module-css/process.css]
[weblayout.mnsithub.com/html/fixpro/main-html/assets/css/module-css/faq.css]
[weblayout.mnsithub.com/html/fixpro/main-html/assets/css/module-css/sliding-text.css]
[weblayout.mnsithub.com/html/fixpro/main-html/assets/css/module-css/contact.css]
[weblayout.mnsithub.com/html/fixpro/main-html/assets/images/backgrounds/slider-2-1.jpg]
[weblayout.mnsithub.com/html/fixpro/main-html/assets/images/shapes/main-slider-two-shape-1.png]
[weblayout.mnsithub.com/html/fixpro/main-html/assets/images/resources/main-slider-two-img-1-1.jpg]
[weblayout.mnsithub.com/html/fixpro/main-html/assets/images/resources/main-slider-two-small-img-1-1.jpg]
[weblayout.mnsithub.com/html/fixpro/main-html/assets/images/backgrounds/slider-2-2.jpg]
[weblayout.mnsithub.com/html/fixpro/main-html/assets/images/resources/main-slider-two-img-1-2.jpg]
[weblayout.mnsithub.com/html/fixpro/main-html/assets/images/resources/main-slider-two-small-img-1-2.jpg]
[weblayout.mnsithub.com/html/fixpro/main-html/assets/images/backgrounds/slider-2-3.jpg]
[weblayout.mnsithub.com/html/fixpro/main-html/assets/images/resources/main-slider-two-img-1-3.jpg]
[weblayout.mnsithub.com/html/fixpro/main-html/assets/images/resources/main-slider-two-small-img-1-3.jpg]
[weblayout.mnsithub.com/html/fixpro/main-html/assets/images/shapes/feature-two-shape-1.png]
[weblayout.mnsithub.com/html/fixpro/main-html/assets/images/shapes/feature-two-single-shape-1.png]
[weblayout.mnsithub.com/html/fixpro/main-html/assets/images/shapes/about-two-shape-1.png]
[weblayout.mnsithub.com/html/fixpro/main-html/assets/images/shapes/about-two-shape-2.png]
[weblayout.mnsithub.com/html/fixpro/main-html/assets/images/resources/about-two-img-1.jpg]
[weblayout.mnsithub.com/html/fixpro/main-html/assets/images/resources/about-two-img-2.jpg]
[weblayout.mnsithub.com/html/fixpro/main-html/assets/images/shapes/services-two-shape-1.png]
[weblayout.mnsithub.com/html/fixpro/main-html/assets/images/services/services-1-1.jpg]
[weblayout.mnsithub.com/html/fixpro/main-html/assets/images/services/services-1-2.jpg]
[weblayout.mnsithub.com/html/fixpro/main-html/assets/images/services/services-1-3.jpg]
[weblayout.mnsithub.com/html/fixpro/main-html/assets/images/services/services-1-4.jpg]
[weblayout.mnsithub.com/html/fixpro/main-html/assets/images/services/services-1-5.jpg]
[weblayout.mnsithub.com/html/fixpro/main-html/assets/images/shapes/why-choose-two-shape-2.png]
[weblayout.mnsithub.com/html/fixpro/main-html/assets/images/shapes/why-choose-two-shape-3.png]
[weblayout.mnsithub.com/html/fixpro/main-html/assets/images/resources/why-choose-two-img-1.jpg]
[weblayout.mnsithub.com/html/fixpro/main-html/assets/images/backgrounds/process-one-bg.jpg]
[weblayout.mnsithub.com/html/fixpro/main-html/assets/images/project/project-2-1.jpg]
[weblayout.mnsithub.com/html/fixpro/main-html/assets/images/project/project-2-2.jpg]
[weblayout.mnsithub.com/html/fixpro/main-html/assets/images/project/project-2-3.jpg]
[weblayout.mnsithub.com/html/fixpro/main-html/assets/images/project/project-2-4.jpg]
[weblayout.mnsithub.com/html/fixpro/main-html/assets/images/project/project-2-5.jpg]
[weblayout.mnsithub.com/html/fixpro/main-html/assets/images/shapes/team-two-bg-shape.png]
[weblayout.mnsithub.com/html/fixpro/main-html/assets/images/team/team-2-1.jpg]
[weblayout.mnsithub.com/html/fixpro/main-html/assets/images/team/team-2-2.jpg]
[weblayout.mnsithub.com/html/fixpro/main-html/assets/images/team/team-2-3.jpg]
[weblayout.mnsithub.com/html/fixpro/main-html/assets/images/team/team-2-4.jpg]
[weblayout.mnsithub.com/html/fixpro/main-html/assets/images/resources/faq-one-img-1.jpg]
[weblayout.mnsithub.com/html/fixpro/main-html/assets/images/resources/sliding-text-img-1.png]
[weblayout.mnsithub.com/html/fixpro/main-html/assets/images/shapes/pricing-two-shape-2.png]
[weblayout.mnsithub.com/html/fixpro/main-html/assets/images/resources/pricing-two-img-1.png]
[weblayout.mnsithub.com/html/fixpro/main-html/assets/images/testimonial/testimonial-2-1.jpg]
[weblayout.mnsithub.com/html/fixpro/main-html/assets/images/testimonial/testimonial-2-2.jpg]
[weblayout.mnsithub.com/html/fixpro/main-html/assets/images/testimonial/testimonial-2-3.jpg]
[weblayout.mnsithub.com/html/fixpro/main-html/assets/images/shapes/contact-one-map.png]
[weblayout.mnsithub.com/html/fixpro/main-html/assets/images/resources/contact-one-popup-img-1.jpg]
[weblayout.mnsithub.com/html/fixpro/main-html/assets/images/resources/contact-one-popup-img-2.jpg]
[weblayout.mnsithub.com/html/fixpro/main-html/assets/images/resources/contact-one-popup-img-3.jpg]
[weblayout.mnsithub.com/html/fixpro/main-html/assets/images/resources/contact-one-popup-img-4.jpg]
[weblayout.mnsithub.com/html/fixpro/main-html/assets/images/resources/contact-one-popup-img-5.jpg]
[weblayout.mnsithub.com/html/fixpro/main-html/assets/images/blog/blog-2-1.jpg]
[weblayout.mnsithub.com/html/fixpro/main-html/assets/images/blog/blog-2-2.jpg]
[weblayout.mnsithub.com/html/fixpro/main-html/assets/images/blog/blog-2-3.jpg]
[weblayout.mnsithub.com/html/fixpro/main-html/assets/images/blog/footer-widget-post-img-1.jpg]
[weblayout.mnsithub.com/html/fixpro/main-html/assets/images/blog/footer-widget-post-img-2.jpg]
[weblayout.mnsithub.com/html/fixpro/main-html/index2.html]
[weblayout.mnsithub.com/html/fixpro/main-html/index2-one-page.html]
[weblayout.mnsithub.com/html/fixpro/main-html/assets/images/backgrounds/slider-3-1.jpg]
[weblayout.mnsithub.com/html/fixpro/main-html/assets/images/shapes/main-slider-three-shape-1.png]
[weblayout.mnsithub.com/html/fixpro/main-html/assets/images/shapes/main-slider-three-shape-2.png]
[weblayout.mnsithub.com/html/fixpro/main-html/assets/images/backgrounds/slider-3-2.jpg]
[weblayout.mnsithub.com/html/fixpro/main-html/assets/images/backgrounds/slider-3-3.jpg]
[weblayout.mnsithub.com/html/fixpro/main-html/assets/images/resources/about-three-img-1.jpg]
[weblayout.mnsithub.com/html/fixpro/main-html/assets/images/resources/about-three-img-2.jpg]
[weblayout.mnsithub.com/html/fixpro/main-html/assets/images/shapes/about-three-shape-1.png]
[weblayout.mnsithub.com/html/fixpro/main-html/assets/images/resources/about-three-client-img-1.jpg]
[weblayout.mnsithub.com/html/fixpro/main-html/assets/images/shapes/services-three-shape-1.png]
[weblayout.mnsithub.com/html/fixpro/main-html/assets/images/shapes/services-three-shape-2.png]
[weblayout.mnsithub.com/html/fixpro/main-html/assets/images/project/project-3-1.jpg]
[weblayout.mnsithub.com/html/fixpro/main-html/assets/images/project/project-3-2.jpg]
[weblayout.mnsithub.com/html/fixpro/main-html/assets/images/project/project-3-3.jpg]
[weblayout.mnsithub.com/html/fixpro/main-html/assets/images/project/project-3-4.jpg]
[weblayout.mnsithub.com/html/fixpro/main-html/assets/images/project/project-3-5.jpg]
[weblayout.mnsithub.com/html/fixpro/main-html/assets/images/backgrounds/why-choose-three-bg.jpg]
[weblayout.mnsithub.com/html/fixpro/main-html/assets/images/team/team-3-1.jpg]
[weblayout.mnsithub.com/html/fixpro/main-html/assets/images/team/team-3-2.jpg]
[weblayout.mnsithub.com/html/fixpro/main-html/assets/images/team/team-3-3.jpg]
[weblayout.mnsithub.com/html/fixpro/main-html/assets/images/shapes/process-two-shape-1.png]
[weblayout.mnsithub.com/html/fixpro/main-html/assets/images/testimonial/testimonial-3-1.jpg]
[weblayout.mnsithub.com/html/fixpro/main-html/assets/images/testimonial/testimonial-3-2.jpg]
[weblayout.mnsithub.com/html/fixpro/main-html/assets/images/testimonial/testimonial-3-3.jpg]
[weblayout.mnsithub.com/html/fixpro/main-html/assets/images/brand/brand-2-1.png]
[weblayout.mnsithub.com/html/fixpro/main-html/assets/images/brand/brand-2-2.png]
[weblayout.mnsithub.com/html/fixpro/main-html/assets/images/brand/brand-2-3.png]
[weblayout.mnsithub.com/html/fixpro/main-html/assets/images/brand/brand-2-4.png]
[weblayout.mnsithub.com/html/fixpro/main-html/assets/images/brand/brand-2-5.png]
[weblayout.mnsithub.com/html/fixpro/main-html/assets/images/blog/blog-3-1.jpg]
[weblayout.mnsithub.com/html/fixpro/main-html/assets/images/blog/blog-3-2.jpg]
[weblayout.mnsithub.com/html/fixpro/main-html/assets/images/blog/blog-3-3.jpg]
[weblayout.mnsithub.com/html/fixpro/main-html/assets/images/shapes/site-footer-two-shape-1.png]
[weblayout.mnsithub.com/html/fixpro/main-html/index3.html]
[weblayout.mnsithub.com/html/fixpro/main-html/index3-one-page.html]
[weblayout.mnsithub.com/html/fixpro/main-html/assets/css/dark.css]
[weblayout.mnsithub.com/html/fixpro/main-html/index-dark.html]
[weblayout.mnsithub.com/html/fixpro/main-html/assets/css/module-css/page-header.css]
[weblayout.mnsithub.com/html/fixpro/main-html/assets/css/module-css/error.css]
[weblayout.mnsithub.com/html/fixpro/main-html/assets/images/backgrounds/page-header-bg.jpg]
[weblayout.mnsithub.com/html/fixpro/main-html/about.html]
[weblayout.mnsithub.com/html/fixpro/main-html/assets/images/team/team-2-5.jpg]
[weblayout.mnsithub.com/html/fixpro/main-html/assets/images/team/team-2-6.jpg]
[weblayout.mnsithub.com/html/fixpro/main-html/assets/images/team/team-2-7.jpg]
[weblayout.mnsithub.com/html/fixpro/main-html/assets/images/team/team-2-8.jpg]
[weblayout.mnsithub.com/html/fixpro/main-html/team.html]
[weblayout.mnsithub.com/html/fixpro/main-html/assets/images/team/team-details-img-1.jpg]
[weblayout.mnsithub.com/html/fixpro/main-html/team-details.html]
[weblayout.mnsithub.com/html/fixpro/main-html/projects.html]
[weblayout.mnsithub.com/html/fixpro/main-html/assets/images/project/project-details-img-1.jpg]
[weblayout.mnsithub.com/html/fixpro/main-html/assets/images/project/project-details-text-img.jpg]
[weblayout.mnsithub.com/html/fixpro/main-html/assets/images/project/project-details-points-img.jpg]
[weblayout.mnsithub.com/html/fixpro/main-html/project-details.html]
[weblayout.mnsithub.com/html/fixpro/main-html/testimonials.html]
[weblayout.mnsithub.com/html/fixpro/main-html/pricing.html]
[weblayout.mnsithub.com/html/fixpro/main-html/faq.html]
[weblayout.mnsithub.com/html/fixpro/main-html/assets/images/resources/error-page-img1.png]
[weblayout.mnsithub.com/html/fixpro/main-html/404.html]
[weblayout.mnsithub.com/html/fixpro/main-html/services.html]
[weblayout.mnsithub.com/html/fixpro/main-html/assets/images/services/service-details-img-1.jpg]
[weblayout.mnsithub.com/html/fixpro/main-html/assets/images/services/service-details-img-box-img-1.jpg]
[weblayout.mnsithub.com/html/fixpro/main-html/assets/images/services/service-details-img-box-img-2.jpg]
[weblayout.mnsithub.com/html/fixpro/main-html/maintenance-service.html]
[weblayout.mnsithub.com/html/fixpro/main-html/assets/images/services/service-details-img-2.jpg]
[weblayout.mnsithub.com/html/fixpro/main-html/lighting-fixtures.html]
[weblayout.mnsithub.com/html/fixpro/main-html/assets/images/services/service-details-img-3.jpg]
[weblayout.mnsithub.com/html/fixpro/main-html/installing-ceiling-fan.html]
[weblayout.mnsithub.com/html/fixpro/main-html/assets/images/services/service-details-img-4.jpg]
[weblayout.mnsithub.com/html/fixpro/main-html/commercial-services.html]
[weblayout.mnsithub.com/html/fixpro/main-html/assets/images/services/service-details-img-5.jpg]
[weblayout.mnsithub.com/html/fixpro/main-html/short-circuit-repair.html]
[weblayout.mnsithub.com/html/fixpro/main-html/assets/images/services/service-details-img-6.jpg]
[weblayout.mnsithub.com/html/fixpro/main-html/electric-panel-repair.html]
[weblayout.mnsithub.com/html/fixpro/main-html/assets/css/module-css/shop.css]
[weblayout.mnsithub.com/html/fixpro/main-html/assets/images/shop/shop-product-1-1.jpg]
[weblayout.mnsithub.com/html/fixpro/main-html/assets/images/shop/shop-product-1-2.jpg]
[weblayout.mnsithub.com/html/fixpro/main-html/assets/images/shop/shop-product-1-3.jpg]
[weblayout.mnsithub.com/html/fixpro/main-html/assets/images/shop/shop-product-1-4.jpg]
[weblayout.mnsithub.com/html/fixpro/main-html/assets/images/shop/shop-product-1-5.jpg]
[weblayout.mnsithub.com/html/fixpro/main-html/assets/images/shop/shop-product-1-6.jpg]
[weblayout.mnsithub.com/html/fixpro/main-html/assets/images/shop/shop-product-1-7.jpg]
[weblayout.mnsithub.com/html/fixpro/main-html/assets/images/shop/shop-product-1-8.jpg]
[weblayout.mnsithub.com/html/fixpro/main-html/assets/images/shop/shop-product-1-9.jpg]
[weblayout.mnsithub.com/html/fixpro/main-html/assets/images/shop/shop-product-1-10.jpg]
[weblayout.mnsithub.com/html/fixpro/main-html/assets/images/shop/shop-product-1-11.jpg]
[weblayout.mnsithub.com/html/fixpro/main-html/assets/images/shop/shop-product-1-12.jpg]
[weblayout.mnsithub.com/html/fixpro/main-html/assets/images/shop/shop-product-2-1.jpg]
[weblayout.mnsithub.com/html/fixpro/main-html/assets/images/shop/shop-product-2-2.jpg]
[weblayout.mnsithub.com/html/fixpro/main-html/assets/images/shop/shop-product-2-3.jpg]
[weblayout.mnsithub.com/html/fixpro/main-html/assets/images/shop/shop-product-2-4.jpg]
[weblayout.mnsithub.com/html/fixpro/main-html/assets/images/shop/shop-product-2-5.jpg]
[weblayout.mnsithub.com/html/fixpro/main-html/assets/images/shop/shop-product-2-6.jpg]
[weblayout.mnsithub.com/html/fixpro/main-html/assets/images/shop/shop-product-2-7.jpg]
[weblayout.mnsithub.com/html/fixpro/main-html/assets/images/shop/shop-product-2-8.jpg]
[weblayout.mnsithub.com/html/fixpro/main-html/assets/images/shop/shop-product-2-9.jpg]
[weblayout.mnsithub.com/html/fixpro/main-html/assets/images/shop/shop-product-2-10.jpg]
[weblayout.mnsithub.com/html/fixpro/main-html/assets/images/shop/shop-product-2-11.jpg]
[weblayout.mnsithub.com/html/fixpro/main-html/assets/images/shop/shop-product-2-12.jpg]
[weblayout.mnsithub.com/html/fixpro/main-html/assets/images/shop/product-thumb-1.jpg]
[weblayout.mnsithub.com/html/fixpro/main-html/assets/images/shop/product-thumb-2.jpg]
[weblayout.mnsithub.com/html/fixpro/main-html/assets/images/shop/product-thumb-3.jpg]
[weblayout.mnsithub.com/html/fixpro/main-html/assets/images/shop/product-thumb-4.jpg]
[weblayout.mnsithub.com/html/fixpro/main-html/products.html]
[weblayout.mnsithub.com/html/fixpro/main-html/assets/images/shop/product-details-img-1.jpg]
[weblayout.mnsithub.com/html/fixpro/main-html/assets/images/shop/product-details-img-2.jpg]
[weblayout.mnsithub.com/html/fixpro/main-html/assets/images/shop/product-details-img-3.jpg]
[weblayout.mnsithub.com/html/fixpro/main-html/assets/images/shop/product-details-thumb-img-1.jpg]
[weblayout.mnsithub.com/html/fixpro/main-html/assets/images/shop/product-details-thumb-img-2.jpg]
[weblayout.mnsithub.com/html/fixpro/main-html/assets/images/shop/product-details-thumb-img-3.jpg]
[weblayout.mnsithub.com/html/fixpro/main-html/assets/images/shop/review-1-1.jpg]
[weblayout.mnsithub.com/html/fixpro/main-html/assets/images/shop/review-1-2.jpg]
[weblayout.mnsithub.com/html/fixpro/main-html/product-details.html]
[weblayout.mnsithub.com/html/fixpro/main-html/assets/images/shop/cart-page-img-1.jpg]
[weblayout.mnsithub.com/html/fixpro/main-html/assets/images/shop/cart-page-img-2.jpg]
[weblayout.mnsithub.com/html/fixpro/main-html/assets/images/shop/cart-page-img-3.jpg]
[weblayout.mnsithub.com/html/fixpro/main-html/assets/images/shop/cart-page-img-4.jpg]
[weblayout.mnsithub.com/html/fixpro/main-html/cart.html]
[weblayout.mnsithub.com/html/fixpro/main-html/checkout.html]
[weblayout.mnsithub.com/html/fixpro/main-html/assets/images/shop/wishlist-page-img-1.jpg]
[weblayout.mnsithub.com/html/fixpro/main-html/assets/images/shop/wishlist-page-img-2.jpg]
[weblayout.mnsithub.com/html/fixpro/main-html/assets/images/shop/wishlist-page-img-3.jpg]
[weblayout.mnsithub.com/html/fixpro/main-html/assets/images/shop/wishlist-page-img-4.jpg]
[weblayout.mnsithub.com/html/fixpro/main-html/wishlist.html]
[weblayout.mnsithub.com/html/fixpro/main-html/assets/images/icon/icon-google-2.png]
[weblayout.mnsithub.com/html/fixpro/main-html/assets/images/icon/icon-facebook.png]
[weblayout.mnsithub.com/html/fixpro/main-html/sign-up.html]
[weblayout.mnsithub.com/html/fixpro/main-html/login.html]
[weblayout.mnsithub.com/html/fixpro/main-html/assets/images/blog/blog-1-4.jpg]
[weblayout.mnsithub.com/html/fixpro/main-html/assets/images/blog/blog-1-5.jpg]
[weblayout.mnsithub.com/html/fixpro/main-html/assets/images/blog/blog-1-6.jpg]
[weblayout.mnsithub.com/html/fixpro/main-html/blog.html]
[weblayout.mnsithub.com/html/fixpro/main-html/assets/images/blog/blog-list-1-1.jpg]
[weblayout.mnsithub.com/html/fixpro/main-html/assets/images/blog/blog-list-1-2.jpg]
[weblayout.mnsithub.com/html/fixpro/main-html/assets/images/blog/blog-list-1-3.jpg]
[weblayout.mnsithub.com/html/fixpro/main-html/assets/images/blog/recent-post-img-1.jpg]
[weblayout.mnsithub.com/html/fixpro/main-html/assets/images/blog/recent-post-img-2.jpg]
[weblayout.mnsithub.com/html/fixpro/main-html/assets/images/blog/recent-post-img-3.jpg]
[weblayout.mnsithub.com/html/fixpro/main-html/blog-standard.html]
[weblayout.mnsithub.com/html/fixpro/main-html/assets/images/blog/blog-1-7.jpg]
[weblayout.mnsithub.com/html/fixpro/main-html/assets/images/blog/blog-1-8.jpg]
[weblayout.mnsithub.com/html/fixpro/main-html/assets/images/blog/blog-1-9.jpg]
[weblayout.mnsithub.com/html/fixpro/main-html/assets/images/blog/blog-1-10.jpg]
[weblayout.mnsithub.com/html/fixpro/main-html/blog-left-sidebar.html]
[weblayout.mnsithub.com/html/fixpro/main-html/blog-right-sidebar.html]
[weblayout.mnsithub.com/html/fixpro/main-html/assets/images/blog/blog-details-img-1.jpg]
[weblayout.mnsithub.com/html/fixpro/main-html/assets/images/blog/blog-details-img-box-img-1.jpg]
[weblayout.mnsithub.com/html/fixpro/main-html/assets/images/blog/blog-details-img-box-img-2.jpg]
[weblayout.mnsithub.com/html/fixpro/main-html/assets/images/blog/comment-1-1.jpg]
[weblayout.mnsithub.com/html/fixpro/main-html/assets/images/blog/comment-1-2.jpg]
[weblayout.mnsithub.com/html/fixpro/main-html/blog-details.html]
[weblayout.mnsithub.com/html/fixpro/main-html/contact.html]
[weblayout.mnsithub.com/html/fixpro/main-html/assets/fonts/fa-brands-400.html]
[weblayout.mnsithub.com/html/fixpro/main-html/assets/fonts/fa-light-300.html]
[weblayout.mnsithub.com/html/fixpro/main-html/assets/fonts/fa-light-300d41d.html]
[weblayout.mnsithub.com/html/fixpro/main-html/assets/fonts/fa-light-301.html]
[weblayout.mnsithub.com/html/fixpro/main-html/assets/fonts/fa-light-302.html]
[weblayout.mnsithub.com/html/fixpro/main-html/assets/fonts/fa-regular-400.html]
[weblayout.mnsithub.com/html/fixpro/main-html/assets/fonts/fa-regular-401.html]
[weblayout.mnsithub.com/html/fixpro/main-html/assets/fonts/fa-solid-900.html]
[weblayout.mnsithub.com/html/fixpro/main-html/assets/fonts/fa-solid-900d41d.html]
[weblayout.mnsithub.com/html/fixpro/main-html/assets/fonts/fa-solid-901.html]
[weblayout.mnsithub.com/html/fixpro/main-html/assets/fonts/fa-solid-902.html]
[weblayout.mnsithub.com/html/fixpro/main-html/assets/fonts/icomoon78ed.svg]
[weblayout.mnsithub.com/html/fixpro/main-html/assets/css/owl.video.play.html]
[weblayout.mnsithub.com/html/fixpro/main-html/assets/css/images/ui-bg_highlight-soft_75_cccccc_1x100.html]
[weblayout.mnsithub.com/html/fixpro/main-html/assets/css/images/ui-bg_glass_75_e6e6e6_1x400.html]
[weblayout.mnsithub.com/html/fixpro/main-html/assets/css/images/ui-bg_glass_75_dadada_1x400.html]
[weblayout.mnsithub.com/html/fixpro/main-html/assets/css/images/ui-bg_glass_65_ffffff_1x400.html]
[weblayout.mnsithub.com/html/fixpro/main-html/assets/css/images/ui-bg_glass_55_fbf9ee_1x400.html]
[weblayout.mnsithub.com/html/fixpro/main-html/assets/css/images/ui-bg_glass_95_fef1ec_1x400.html]
[weblayout.mnsithub.com/html/fixpro/main-html/assets/css/images/ui-icons_222222_256x240.html]
[weblayout.mnsithub.com/html/fixpro/main-html/assets/css/images/ui-icons_888888_256x240.html]
[weblayout.mnsithub.com/html/fixpro/main-html/assets/css/images/ui-icons_454545_256x240.html]
[weblayout.mnsithub.com/html/fixpro/main-html/assets/css/images/ui-icons_2e83ff_256x240.html]
[weblayout.mnsithub.com/html/fixpro/main-html/assets/css/images/ui-icons_cd0a0a_256x240.html]
[weblayout.mnsithub.com/html/fixpro/main-html/assets/css/module-css/process.css]
[weblayout.mnsithub.com/html/fixpro/main-html/assets/css/module-css/faq.css]
[weblayout.mnsithub.com/html/fixpro/main-html/assets/css/module-css/sliding-text.css]
[weblayout.mnsithub.com/html/fixpro/main-html/assets/css/module-css/contact.css]
[weblayout.mnsithub.com/html/fixpro/main-html/assets/css/dark.css]
[weblayout.mnsithub.com/html/fixpro/main-html/assets/css/module-css/page-header.css]
[weblayout.mnsithub.com/html/fixpro/main-html/assets/css/module-css/error.css]
[weblayout.mnsithub.com/html/fixpro/main-html/assets/css/module-css/shop.css]
